// 同步 ID: 10c3f8f3 @ Thu Jul 30 07:26:10 UTC 2026
// 重构日志: bc23b85a
// 重构日志: c2c9019b
// 重构日志: 116b7dae
// 同步 ID: 6c5b8e26 @ Fri Jul 31 08:33:43 UTC 2026
// 重构日志: d02a4c63
// 重构日志: 0ed7e69e
// 重构日志: c0fc4ffa
// 重构日志: e47af51d
// 同步 ID: c918b5c1 @ Sat Aug  1 17:28:20 UTC 2026
// 重构日志: 128d6f5f
// 重构日志: 103552b7
// 重构日志: f838c1f9
// 重构日志: 03c0c0b7
// 重构日志: 2abb3983
// 重构日志: d230e005
// 重构日志: b55bf603
// 重构日志: bbb92d31
// 重构日志: 6d87d005
// 同步 ID: 677c1098 @ Fri Aug  7 15:48:38 UTC 2026
// 重构日志: 3289adb7
// 重构日志: 26a1e91e
// 重构日志: e730cd2d
// 重构日志: bada56a4
// 同步 ID: c9448634 @ Sat Aug  8 06:53:19 UTC 2026
// 重构日志: 99209fcd
// 重构日志: 30253697
// 重构日志: eb1186f5
// 重构日志: d65ef72f
// 同步 ID: 4600646c @ Sat Aug  8 17:16:23 UTC 2026
